Archive member included to satisfy reference by file (symbol)

c:/program files (x86)/atollic/truestudio for stm32 9.2.0/armtools/bin/../lib/gcc/arm-atollic-eabi/6.3.1/../../../../arm-atollic-eabi/lib/armv7e-m/fpu\libc_nano.a(lib_a-init.o)
                              startup\startup_stm32l476xx.o (__libc_init_array)
c:/program files (x86)/atollic/truestudio for stm32 9.2.0/armtools/bin/../lib/gcc/arm-atollic-eabi/6.3.1/../../../../arm-atollic-eabi/lib/armv7e-m/fpu\libc_nano.a(lib_a-memcpy-stub.o)
                              Middlewares\Third_Party\FreeRTOS\Source\queue.o (memcpy)
c:/program files (x86)/atollic/truestudio for stm32 9.2.0/armtools/bin/../lib/gcc/arm-atollic-eabi/6.3.1/armv7e-m/fpu\libgcc.a(_aeabi_uldivmod.o)
                              Drivers\STM32L4xx_HAL_Driver\Src\stm32l4xx_hal_uart.o (__aeabi_uldivmod)
c:/program files (x86)/atollic/truestudio for stm32 9.2.0/armtools/bin/../lib/gcc/arm-atollic-eabi/6.3.1/armv7e-m/fpu\libgcc.a(_udivmoddi4.o)
                              c:/program files (x86)/atollic/truestudio for stm32 9.2.0/armtools/bin/../lib/gcc/arm-atollic-eabi/6.3.1/armv7e-m/fpu\libgcc.a(_aeabi_uldivmod.o) (__udivmoddi4)
c:/program files (x86)/atollic/truestudio for stm32 9.2.0/armtools/bin/../lib/gcc/arm-atollic-eabi/6.3.1/armv7e-m/fpu\libgcc.a(_dvmd_tls.o)
                              c:/program files (x86)/atollic/truestudio for stm32 9.2.0/armtools/bin/../lib/gcc/arm-atollic-eabi/6.3.1/armv7e-m/fpu\libgcc.a(_aeabi_uldivmod.o) (__aeabi_ldiv0)

Allocating common symbols
Common symbol       size              file

defaultTaskHandle   0x4               Src\main.o
uwTick              0x4               Drivers\STM32L4xx_HAL_Driver\Src\stm32l4xx_hal.o
xQueueRegistry      0x40              Middlewares\Third_Party\FreeRTOS\Source\queue.o
pFlash              0x20              Drivers\STM32L4xx_HAL_Driver\Src\stm32l4xx_hal_flash.o
xQueue              0x4               Src\main.o
htim6               0x40              Src\stm32l4xx_hal_timebase_TIM.o
huart2              0x78              Src\main.o

Discarded input sections

 .text          0x00000000        0x0 c:/program files (x86)/atollic/truestudio for stm32 9.2.0/armtools/bin/../lib/gcc/arm-atollic-eabi/6.3.1/armv7e-m/fpu/crti.o
 .data          0x00000000        0x0 c:/program files (x86)/atollic/truestudio for stm32 9.2.0/armtools/bin/../lib/gcc/arm-atollic-eabi/6.3.1/armv7e-m/fpu/crti.o
 .bss           0x00000000        0x0 c:/program files (x86)/atollic/truestudio for stm32 9.2.0/armtools/bin/../lib/gcc/arm-atollic-eabi/6.3.1/armv7e-m/fpu/crti.o
 .data          0x00000000        0x4 c:/program files (x86)/atollic/truestudio for stm32 9.2.0/armtools/bin/../lib/gcc/arm-atollic-eabi/6.3.1/armv7e-m/fpu/crtbegin.o
 .text          0x00000000        0x0 Drivers\STM32L4xx_HAL_Driver\Src\stm32l4xx_hal.o
 .data          0x00000000        0x0 Drivers\STM32L4xx_HAL_Driver\Src\stm32l4xx_hal.o
 .bss           0x00000000        0x0 Drivers\STM32L4xx_HAL_Driver\Src\stm32l4xx_hal.o
 .text.HAL_MspInit
                0x00000000        0x2 Drivers\STM32L4xx_HAL_Driver\Src\stm32l4xx_hal.o
 .text.HAL_MspDeInit
                0x00000000        0x2 Drivers\STM32L4xx_HAL_Driver\Src\stm32l4xx_hal.o
 .text.HAL_DeInit
                0x00000000       0x2c Drivers\STM32L4xx_HAL_Driver\Src\stm32l4xx_hal.o
 .text.HAL_InitTick
                0x00000000       0x28 Drivers\STM32L4xx_HAL_Driver\Src\stm32l4xx_hal.o
 .text.HAL_Delay
                0x00000000       0x1c Drivers\STM32L4xx_HAL_Driver\Src\stm32l4xx_hal.o
 .text.HAL_SuspendTick
                0x00000000       0x10 Drivers\STM32L4xx_HAL_Driver\Src\stm32l4xx_hal.o
 .text.HAL_ResumeTick
                0x00000000       0x10 Drivers\STM32L4xx_HAL_Driver\Src\stm32l4xx_hal.o
 .text.HAL_GetHalVersion
                0x00000000        0x8 Drivers\STM32L4xx_HAL_Driver\Src\stm32l4xx_hal.o
 .text.HAL_GetREVID
                0x00000000        0xc Drivers\STM32L4xx_HAL_Driver\Src\stm32l4xx_hal.o
 .text.HAL_GetDEVID
                0x00000000       0x10 Drivers\STM32L4xx_HAL_Driver\Src\stm32l4xx_hal.o
 .text.HAL_GetUIDw0
                0x00000000        0xc Drivers\STM32L4xx_HAL_Driver\Src\stm32l4xx_hal.o
 .text.HAL_GetUIDw1
                0x00000000        0xc Drivers\STM32L4xx_HAL_Driver\Src\stm32l4xx_hal.o
 .text.HAL_GetUIDw2
                0x00000000        0xc Drivers\STM32L4xx_HAL_Driver\Src\stm32l4xx_hal.o
 .text.HAL_DBGMCU_EnableDBGSleepMode
                0x00000000       0x10 Drivers\STM32L4xx_HAL_Driver\Src\stm32l4xx_hal.o
 .text.HAL_DBGMCU_DisableDBGSleepMode
                0x00000000       0x10 Drivers\STM32L4xx_HAL_Driver\Src\stm32l4xx_hal.o
 .text.HAL_DBGMCU_EnableDBGStopMode
                0x00000000       0x10 Drivers\STM32L4xx_HAL_Driver\Src\stm32l4xx_hal.o
 .text.HAL_DBGMCU_DisableDBGStopMode
                0x00000000       0x10 Drivers\STM32L4xx_HAL_Driver\Src\stm32l4xx_hal.o
 .text.HAL_DBGMCU_EnableDBGStandbyMode
[...]
Memory Configuration

Name             Origin             Length             Attributes
RAM              0x20000000         0x00018000         xrw
RAM2             0x10000000         0x00008000         xrw
FLASH            0x08000000         0x00100000         xr
*default*        0x00000000         0xffffffff

Linker script and memory map

LOAD c:/program files (x86)/atollic/truestudio for stm32 9.2.0/armtools/bin/../lib/gcc/arm-atollic-eabi/6.3.1/armv7e-m/fpu/crti.o
LOAD c:/program files (x86)/atollic/truestudio for stm32 9.2.0/armtools/bin/../lib/gcc/arm-atollic-eabi/6.3.1/armv7e-m/fpu/crtbegin.o
LOAD Drivers\STM32L4xx_HAL_Driver\Src\stm32l4xx_hal.o
LOAD Drivers\STM32L4xx_HAL_Driver\Src\stm32l4xx_hal_cortex.o
LOAD Drivers\STM32L4xx_HAL_Driver\Src\stm32l4xx_hal_dma.o
LOAD Drivers\STM32L4xx_HAL_Driver\Src\stm32l4xx_hal_dma_ex.o
LOAD Drivers\STM32L4xx_HAL_Driver\Src\stm32l4xx_hal_flash.o
LOAD Drivers\STM32L4xx_HAL_Driver\Src\stm32l4xx_hal_flash_ex.o
LOAD Drivers\STM32L4xx_HAL_Driver\Src\stm32l4xx_hal_flash_ramfunc.o
LOAD Drivers\STM32L4xx_HAL_Driver\Src\stm32l4xx_hal_gpio.o
LOAD Drivers\STM32L4xx_HAL_Driver\Src\stm32l4xx_hal_i2c.o
LOAD Drivers\STM32L4xx_HAL_Driver\Src\stm32l4xx_hal_i2c_ex.o
LOAD Drivers\STM32L4xx_HAL_Driver\Src\stm32l4xx_hal_pwr.o
LOAD Drivers\STM32L4xx_HAL_Driver\Src\stm32l4xx_hal_pwr_ex.o
LOAD Drivers\STM32L4xx_HAL_Driver\Src\stm32l4xx_hal_rcc.o
LOAD Drivers\STM32L4xx_HAL_Driver\Src\stm32l4xx_hal_rcc_ex.o
LOAD Drivers\STM32L4xx_HAL_Driver\Src\stm32l4xx_hal_tim.o
LOAD Drivers\STM32L4xx_HAL_Driver\Src\stm32l4xx_hal_tim_ex.o
LOAD Drivers\STM32L4xx_HAL_Driver\Src\stm32l4xx_hal_uart.o
LOAD Drivers\STM32L4xx_HAL_Driver\Src\stm32l4xx_hal_uart_ex.o
LOAD Middlewares\Third_Party\FreeRTOS\Source\CMSIS_RTOS\cmsis_os.o
LOAD Middlewares\Third_Party\FreeRTOS\Source\croutine.o
LOAD Middlewares\Third_Party\FreeRTOS\Source\event_groups.o
LOAD Middlewares\Third_Party\FreeRTOS\Source\list.o
LOAD Middlewares\Third_Party\FreeRTOS\Source\portable\GCC\ARM_CM4F\port.o
LOAD Middlewares\Third_Party\FreeRTOS\Source\portable\MemMang\heap_4.o
LOAD Middlewares\Third_Party\FreeRTOS\Source\queue.o
LOAD Middlewares\Third_Party\FreeRTOS\Source\tasks.o
LOAD Middlewares\Third_Party\FreeRTOS\Source\timers.o
LOAD Src\freertos.o
LOAD Src\main.o
LOAD Src\stm32l4xx_hal_msp.o
LOAD Src\stm32l4xx_hal_timebase_TIM.o
LOAD Src\stm32l4xx_it.o
LOAD Src\system_stm32l4xx.o
LOAD startup\startup_stm32l476xx.o
                0x00000080                malloc_getpagesize_P = 0x80
START GROUP
LOAD c:/program files (x86)/atollic/truestudio for stm32 9.2.0/armtools/bin/../lib/gcc/arm-atollic-eabi/6.3.1/../../../../arm-atollic-eabi/lib/armv7e-m/fpu\libc_nano.a
LOAD c:/program files (x86)/atollic/truestudio for stm32 9.2.0/armtools/bin/../lib/gcc/arm-atollic-eabi/6.3.1/../../../../arm-atollic-eabi/lib/armv7e-m/fpu\libm.a
END GROUP
START GROUP
LOAD c:/program files (x86)/atollic/truestudio for stm32 9.2.0/armtools/bin/../lib/gcc/arm-atollic-eabi/6.3.1/armv7e-m/fpu\libgcc.a
LOAD c:/program files (x86)/atollic/truestudio for stm32 9.2.0/armtools/bin/../lib/gcc/arm-atollic-eabi/6.3.1/../../../../arm-atollic-eabi/lib/armv7e-m/fpu\libc_nano.a
END GROUP
START GROUP
LOAD c:/program files (x86)/atollic/truestudio for stm32 9.2.0/armtools/bin/../lib/gcc/arm-atollic-eabi/6.3.1/armv7e-m/fpu\libgcc.a
LOAD c:/program files (x86)/atollic/truestudio for stm32 9.2.0/armtools/bin/../lib/gcc/arm-atollic-eabi/6.3.1/../../../../arm-atollic-eabi/lib/armv7e-m/fpu\libc_nano.a
LOAD c:/program files (x86)/atollic/truestudio for stm32 9.2.0/armtools/bin/../lib/gcc/arm-atollic-eabi/6.3.1/../../../../arm-atollic-eabi/lib/armv7e-m/fpu\libnosys.a
END GROUP
START GROUP
LOAD c:/program files (x86)/atollic/truestudio for stm32 9.2.0/armtools/bin/../lib/gcc/arm-atollic-eabi/6.3.1/armv7e-m/fpu\libgcc.a
LOAD c:/program files (x86)/atollic/truestudio for stm32 9.2.0/armtools/bin/../lib/gcc/arm-atollic-eabi/6.3.1/../../../../arm-atollic-eabi/lib/armv7e-m/fpu\libc_nano.a
LOAD c:/program files (x86)/atollic/truestudio for stm32 9.2.0/armtools/bin/../lib/gcc/arm-atollic-eabi/6.3.1/../../../../arm-atollic-eabi/lib/armv7e-m/fpu\libnosys.a
END GROUP
LOAD c:/program files (x86)/atollic/truestudio for stm32 9.2.0/armtools/bin/../lib/gcc/arm-atollic-eabi/6.3.1/armv7e-m/fpu/crtend.o
LOAD c:/program files (x86)/atollic/truestudio for stm32 9.2.0/armtools/bin/../lib/gcc/arm-atollic-eabi/6.3.1/armv7e-m/fpu/crtn.o
                0x20018000                _estack = 0x20018000
                0x00000200                _Min_Heap_Size = 0x200
                0x00000400                _Min_Stack_Size = 0x400

.isr_vector     0x08000000      0x188
                0x08000000                . = ALIGN (0x4)
 *(.isr_vector)
 .isr_vector    0x08000000      0x188 startup\startup_stm32l476xx.o
                0x08000000                g_pfnVectors
                0x08000188                . = ALIGN (0x4)

.text           0x08000190     0x367c
                0x08000190                . = ALIGN (0x4)
 *(.text)
 .text          0x08000190       0x40 c:/program files (x86)/atollic/truestudio for stm32 9.2.0/armtools/bin/../lib/gcc/arm-atollic-eabi/6.3.1/armv7e-m/fpu/crtbegin.o
 .text          0x080001d0       0x30 c:/program files (x86)/atollic/truestudio for stm32 9.2.0/armtools/bin/../lib/gcc/arm-atollic-eabi/6.3.1/armv7e-m/fpu\libgcc.a(_aeabi_uldivmod.o)
                0x080001d0                __aeabi_uldivmod
 .text          0x08000200      0x2dc c:/program files (x86)/atollic/truestudio for stm32 9.2.0/armtools/bin/../lib/gcc/arm-atollic-eabi/6.3.1/armv7e-m/fpu\libgcc.a(_udivmoddi4.o)
                0x08000200                __udivmoddi4
 .text          0x080004dc        0x4 c:/program files (x86)/atollic/truestudio for stm32 9.2.0/armtools/bin/../lib/gcc/arm-atollic-eabi/6.3.1/armv7e-m/fpu\libgcc.a(_dvmd_tls.o)
                0x080004dc                __aeabi_idiv0
                0x080004dc                __aeabi_ldiv0
 *(.text*)
 .text.HAL_Init
                0x080004e0       0x24 Drivers\STM32L4xx_HAL_Driver\Src\stm32l4xx_hal.o
                0x080004e0                HAL_Init
 .text.HAL_IncTick
                0x08000504       0x10 Drivers\STM32L4xx_HAL_Driver\Src\stm32l4xx_hal.o
                0x08000504                HAL_IncTick
 .text.HAL_GetTick
                0x08000514        0xc Drivers\STM32L4xx_HAL_Driver\Src\stm32l4xx_hal.o
                0x08000514                HAL_GetTick
 .text.HAL_NVIC_SetPriorityGrouping
                0x08000520       0x24 Drivers\STM32L4xx_HAL_Driver\Src\stm32l4xx_hal_cortex.o
                0x08000520                HAL_NVIC_SetPriorityGrouping
 .text.HAL_NVIC_SetPriority
                0x08000544       0x68 Drivers\STM32L4xx_HAL_Driver\Src\stm32l4xx_hal_cortex.o
                0x08000544                HAL_NVIC_SetPriority
 .text.HAL_NVIC_EnableIRQ
                0x080005ac       0x18 Drivers\STM32L4xx_HAL_Driver\Src\stm32l4xx_hal_cortex.o
                0x080005ac                HAL_NVIC_EnableIRQ
 .text.HAL_SYSTICK_Config
                0x080005c4       0x2c Drivers\STM32L4xx_HAL_Driver\Src\stm32l4xx_hal_cortex.o
                0x080005c4                HAL_SYSTICK_Config
 .text.HAL_SYSTICK_CLKSourceConfig
                0x080005f0       0x18 Drivers\STM32L4xx_HAL_Driver\Src\stm32l4xx_hal_cortex.o
                0x080005f0                HAL_SYSTICK_CLKSourceConfig
 .text.HAL_GPIO_Init
                0x08000608      0x1b8 Drivers\STM32L4xx_HAL_Driver\Src\stm32l4xx_hal_gpio.o
                0x08000608                HAL_GPIO_Init
 .text.HAL_GPIO_WritePin
                0x080007c0        0xa Drivers\STM32L4xx_HAL_Driver\Src\stm32l4xx_hal_gpio.o
                0x080007c0                HAL_GPIO_WritePin
 .text.HAL_GPIO_TogglePin
                0x080007ca        0x8 Drivers\STM32L4xx_HAL_Driver\Src\stm32l4xx_hal_gpio.o
                0x080007ca                HAL_GPIO_TogglePin
 *fill*         0x080007d2        0x2 
 .text.HAL_PWREx_GetVoltageRange
                0x080007d4       0x10 Drivers\STM32L4xx_HAL_Driver\Src\stm32l4xx_hal_pwr_ex.o
                0x080007d4                HAL_PWREx_GetVoltageRange
 .text.HAL_PWREx_ControlVoltageScaling
                0x080007e4       0x68 Drivers\STM32L4xx_HAL_Driver\Src\stm32l4xx_hal_pwr_ex.o
                0x080007e4                HAL_PWREx_ControlVoltageScaling
 .text.RCC_SetFlashLatencyFromMSIRange
                0x0800084c       0x84 Drivers\STM32L4xx_HAL_Driver\Src\stm32l4xx_hal_rcc.o
 .text.HAL_RCC_GetSysClockFreq
                0x080008d0       0xd0 Drivers\STM32L4xx_HAL_Driver\Src\stm32l4xx_hal_rcc.o
                0x080008d0                HAL_RCC_GetSysClockFreq
 .text.HAL_RCC_OscConfig
                0x080009a0      0x464 Drivers\STM32L4xx_HAL_Driver\Src\stm32l4xx_hal_rcc.o
                0x080009a0                HAL_RCC_OscConfig
 .text.HAL_RCC_ClockConfig
                0x08000e04      0x16c Drivers\STM32L4xx_HAL_Driver\Src\stm32l4xx_hal_rcc.o
                0x08000e04                HAL_RCC_ClockConfig
 .text.HAL_RCC_GetHCLKFreq
                0x08000f70        0xc Drivers\STM32L4xx_HAL_Driver\Src\stm32l4xx_hal_rcc.o
                0x08000f70                HAL_RCC_GetHCLKFreq
 .text.HAL_RCC_GetPCLK1Freq
                0x08000f7c       0x20 Drivers\STM32L4xx_HAL_Driver\Src\stm32l4xx_hal_rcc.o
                0x08000f7c                HAL_RCC_GetPCLK1Freq
 .text.HAL_RCC_GetPCLK2Freq
                0x08000f9c       0x20 Drivers\STM32L4xx_HAL_Driver\Src\stm32l4xx_hal_rcc.o
                0x08000f9c                HAL_RCC_GetPCLK2Freq
 .text.HAL_RCC_GetClockConfig
                0x08000fbc       0x3c Drivers\STM32L4xx_HAL_Driver\Src\stm32l4xx_hal_rcc.o
                0x08000fbc                HAL_RCC_GetClockConfig
 .text.RCCEx_PLLSAI1_Config
                0x08000ff8      0x11c Drivers\STM32L4xx_HAL_Driver\Src\stm32l4xx_hal_rcc_ex.o
 .text.RCCEx_PLLSAI2_Config
                0x08001114       0xfc Drivers\STM32L4xx_HAL_Driver\Src\stm32l4xx_hal_rcc_ex.o
 .text.HAL_RCCEx_PeriphCLKConfig
                0x08001210      0x3d0 Drivers\STM32L4xx_HAL_Driver\Src\stm32l4xx_hal_rcc_ex.o
                0x08001210                HAL_RCCEx_PeriphCLKConfig
 .text.HAL_TIM_Base_MspInit
                0x080015e0        0x2 Drivers\STM32L4xx_HAL_Driver\Src\stm32l4xx_hal_tim.o
                0x080015e0                HAL_TIM_Base_MspInit
 .text.HAL_TIM_Base_Start_IT
                0x080015e2       0x16 Drivers\STM32L4xx_HAL_Driver\Src\stm32l4xx_hal_tim.o
                0x080015e2                HAL_TIM_Base_Start_IT
 .text.HAL_TIM_OC_DelayElapsedCallback
                0x080015f8        0x2 Drivers\STM32L4xx_HAL_Driver\Src\stm32l4xx_hal_tim.o
                0x080015f8                HAL_TIM_OC_DelayElapsedCallback
 .text.HAL_TIM_IC_CaptureCallback
                0x080015fa        0x2 Drivers\STM32L4xx_HAL_Driver\Src\stm32l4xx_hal_tim.o
                0x080015fa                HAL_TIM_IC_CaptureCallback
 .text.HAL_TIM_PWM_PulseFinishedCallback
                0x080015fc        0x2 Drivers\STM32L4xx_HAL_Driver\Src\stm32l4xx_hal_tim.o
                0x080015fc                HAL_TIM_PWM_PulseFinishedCallback
 .text.HAL_TIM_TriggerCallback
                0x080015fe        0x2 Drivers\STM32L4xx_HAL_Driver\Src\stm32l4xx_hal_tim.o
                0x080015fe                HAL_TIM_TriggerCallback
 .text.HAL_TIM_IRQHandler
                0x08001600      0x144 Drivers\STM32L4xx_HAL_Driver\Src\stm32l4xx_hal_tim.o
                0x08001600                HAL_TIM_IRQHandler
 .text.TIM_Base_SetConfig
                0x08001744       0xcc Drivers\STM32L4xx_HAL_Driver\Src\stm32l4xx_hal_tim.o
                0x08001744                TIM_Base_SetConfig
 .text.HAL_TIM_Base_Init
                0x08001810       0x34 Drivers\STM32L4xx_HAL_Driver\Src\stm32l4xx_hal_tim.o
                0x08001810                HAL_TIM_Base_Init
 .text.HAL_TIMEx_CommutationCallback
                0x08001844        0x2 Drivers\STM32L4xx_HAL_Driver\Src\stm32l4xx_hal_tim_ex.o
                0x08001844                HAL_TIMEx_CommutationCallback
 .text.HAL_TIMEx_BreakCallback
                0x08001846        0x2 Drivers\STM32L4xx_HAL_Driver\Src\stm32l4xx_hal_tim_ex.o
                0x08001846                HAL_TIMEx_BreakCallback
 .text.UART_SetConfig
                0x08001848      0x330 Drivers\STM32L4xx_HAL_Driver\Src\stm32l4xx_hal_uart.o
                0x08001848                UART_SetConfig
 .text.UART_AdvFeatureConfig
                0x08001b78       0xa8 Drivers\STM32L4xx_HAL_Driver\Src\stm32l4xx_hal_uart.o
                0x08001b78                UART_AdvFeatureConfig
 .text.UART_WaitOnFlagUntilTimeout
                0x08001c20       0x62 Drivers\STM32L4xx_HAL_Driver\Src\stm32l4xx_hal_uart.o
                0x08001c20                UART_WaitOnFlagUntilTimeout
 .text.HAL_UART_Transmit
                0x08001c82       0xae Drivers\STM32L4xx_HAL_Driver\Src\stm32l4xx_hal_uart.o
                0x08001c82                HAL_UART_Transmit
 .text.HAL_UART_Receive
                0x08001d30       0xde Drivers\STM32L4xx_HAL_Driver\Src\stm32l4xx_hal_uart.o
                0x08001d30                HAL_UART_Receive
 .text.UART_CheckIdleState
                0x08001e0e       0x64 Drivers\STM32L4xx_HAL_Driver\Src\stm32l4xx_hal_uart.o
                0x08001e0e                UART_CheckIdleState
 .text.HAL_UART_Init
                0x08001e72       0x64 Drivers\STM32L4xx_HAL_Driver\Src\stm32l4xx_hal_uart.o
                0x08001e72                HAL_UART_Init
 .text.osKernelStart
                0x08001ed6        0xa Middlewares\Third_Party\FreeRTOS\Source\CMSIS_RTOS\cmsis_os.o
                0x08001ed6                osKernelStart
 .text.osThreadCreate
                0x08001ee0       0x30 Middlewares\Third_Party\FreeRTOS\Source\CMSIS_RTOS\cmsis_os.o
                0x08001ee0                osThreadCreate
 .text.osDelay  0x08001f10       0x10 Middlewares\Third_Party\FreeRTOS\Source\CMSIS_RTOS\cmsis_os.o
                0x08001f10                osDelay
 .text.osSystickHandler
                0x08001f20       0x14 Middlewares\Third_Party\FreeRTOS\Source\CMSIS_RTOS\cmsis_os.o
                0x08001f20                osSystickHandler
 .text.vListInitialise
                0x08001f34       0x16 Middlewares\Third_Party\FreeRTOS\Source\list.o
                0x08001f34                vListInitialise
 .text.vListInitialiseItem
                0x08001f4a        0x6 Middlewares\Third_Party\FreeRTOS\Source\list.o
                0x08001f4a                vListInitialiseItem
 .text.vListInsertEnd
                0x08001f50       0x18 Middlewares\Third_Party\FreeRTOS\Source\list.o
                0x08001f50                vListInsertEnd
 .text.vListInsert
                0x08001f68       0x2e Middlewares\Third_Party\FreeRTOS\Source\list.o
                0x08001f68                vListInsert
 .text.uxListRemove
                0x08001f96       0x20 Middlewares\Third_Party\FreeRTOS\Source\list.o
                0x08001f96                uxListRemove
 *fill*         0x08001fb6        0x2 
 .text.prvTaskExitError
                0x08001fb8       0x30 Middlewares\Third_Party\FreeRTOS\Source\portable\GCC\ARM_CM4F\port.o
 .text.prvPortStartFirstTask
                0x08001fe8       0x20 Middlewares\Third_Party\FreeRTOS\Source\portable\GCC\ARM_CM4F\port.o
 .text.vPortEnableVFP
                0x08002008       0x14 Middlewares\Third_Party\FreeRTOS\Source\portable\GCC\ARM_CM4F\port.o
 .text.pxPortInitialiseStack
                0x0800201c       0x2c Middlewares\Third_Party\FreeRTOS\Source\portable\GCC\ARM_CM4F\port.o
                0x0800201c                pxPortInitialiseStack
 *fill*         0x08002048        0x8 
 .text.SVC_Handler
                0x08002050       0x24 Middlewares\Third_Party\FreeRTOS\Source\portable\GCC\ARM_CM4F\port.o
                0x08002050                SVC_Handler
 .text.vPortEnterCritical
                0x08002074       0x44 Middlewares\Third_Party\FreeRTOS\Source\portable\GCC\ARM_CM4F\port.o
                0x08002074                vPortEnterCritical
 .text.vPortExitCritical
                0x080020b8       0x28 Middlewares\Third_Party\FreeRTOS\Source\portable\GCC\ARM_CM4F\port.o
                0x080020b8                vPortExitCritical
 .text.PendSV_Handler
                0x080020e0       0x64 Middlewares\Third_Party\FreeRTOS\Source\portable\GCC\ARM_CM4F\port.o
                0x080020e0                PendSV_Handler
 .text.xPortSysTickHandler
                0x08002144       0x2c Middlewares\Third_Party\FreeRTOS\Source\portable\GCC\ARM_CM4F\port.o
                0x08002144                xPortSysTickHandler
 .text.vPortSetupTimerInterrupt
                0x08002170       0x28 Middlewares\Third_Party\FreeRTOS\Source\portable\GCC\ARM_CM4F\port.o
                0x08002170                vPortSetupTimerInterrupt
 .text.xPortStartScheduler
                0x08002198       0xec Middlewares\Third_Party\FreeRTOS\Source\portable\GCC\ARM_CM4F\port.o
                0x08002198                xPortStartScheduler
 .text.unlikely.prvInsertBlockIntoFreeList
                0x08002284       0x48 Middlewares\Third_Party\FreeRTOS\Source\portable\MemMang\heap_4.o
 .text.pvPortMalloc
                0x080022cc      0x11c Middlewares\Third_Party\FreeRTOS\Source\portable\MemMang\heap_4.o
                0x080022cc                pvPortMalloc
 .text.vPortFree
                0x080023e8       0x70 Middlewares\Third_Party\FreeRTOS\Source\portable\MemMang\heap_4.o
                0x080023e8                vPortFree
 .text.unlikely.prvCopyDataToQueue
                0x08002458       0x66 Middlewares\Third_Party\FreeRTOS\Source\queue.o
 .text.unlikely.prvCopyDataFromQueue
                0x080024be       0x2a Middlewares\Third_Party\FreeRTOS\Source\queue.o
 .text.prvUnlockQueue
                0x080024e8       0x70 Middlewares\Third_Party\FreeRTOS\Source\queue.o
 .text.xQueueGenericReset
                0x08002558       0x80 Middlewares\Third_Party\FreeRTOS\Source\queue.o
                0x08002558                xQueueGenericReset
 .text.xQueueGenericCreate
                0x080025d8       0x42 Middlewares\Third_Party\FreeRTOS\Source\queue.o
                0x080025d8                xQueueGenericCreate
 *fill*         0x0800261a        0x2 
 .text.xQueueGenericSend
                0x0800261c      0x16c Middlewares\Third_Party\FreeRTOS\Source\queue.o
                0x0800261c                xQueueGenericSend
 .text.xQueueGenericReceive
                0x08002788      0x188 Middlewares\Third_Party\FreeRTOS\Source\queue.o
                0x08002788                xQueueGenericReceive
 .text.uxQueueSpacesAvailable
                0x08002910       0x2a Middlewares\Third_Party\FreeRTOS\Source\queue.o
                0x08002910                uxQueueSpacesAvailable
 *fill*         0x0800293a        0x2 
 .text.prvResetNextTaskUnblockTime
                0x0800293c       0x24 Middlewares\Third_Party\FreeRTOS\Source\tasks.o
 .text.prvAddCurrentTaskToDelayedList
                0x08002960       0x8c Middlewares\Third_Party\FreeRTOS\Source\tasks.o
 .text.vTaskSetTimeOutState.part.5
                0x080029ec       0x12 Middlewares\Third_Party\FreeRTOS\Source\tasks.o
 *fill*         0x080029fe        0x2 
 .text.xTaskCreate
                0x08002a00      0x1a0 Middlewares\Third_Party\FreeRTOS\Source\tasks.o
                0x08002a00                xTaskCreate
 .text.vTaskStartScheduler
                0x08002ba0       0x78 Middlewares\Third_Party\FreeRTOS\Source\tasks.o
                0x08002ba0                vTaskStartScheduler
 .text.vTaskSuspendAll
                0x08002c18       0x10 Middlewares\Third_Party\FreeRTOS\Source\tasks.o
                0x08002c18                vTaskSuspendAll
 .text.xTaskIncrementTick
                0x08002c28      0x124 Middlewares\Third_Party\FreeRTOS\Source\tasks.o
                0x08002c28                xTaskIncrementTick
 .text.xTaskResumeAll
                0x08002d4c       0xf0 Middlewares\Third_Party\FreeRTOS\Source\tasks.o
                0x08002d4c                xTaskResumeAll
 .text.vTaskDelay
                0x08002e3c       0x48 Middlewares\Third_Party\FreeRTOS\Source\tasks.o
                0x08002e3c                vTaskDelay
 .text.prvIdleTask
                0x08002e84       0x74 Middlewares\Third_Party\FreeRTOS\Source\tasks.o
 .text.vTaskSwitchContext
                0x08002ef8       0x74 Middlewares\Third_Party\FreeRTOS\Source\tasks.o
                0x08002ef8                vTaskSwitchContext
 .text.vTaskPlaceOnEventList
                0x08002f6c       0x34 Middlewares\Third_Party\FreeRTOS\Source\tasks.o
                0x08002f6c                vTaskPlaceOnEventList
 .text.xTaskRemoveFromEventList
                0x08002fa0       0x84 Middlewares\Third_Party\FreeRTOS\Source\tasks.o
                0x08002fa0                xTaskRemoveFromEventList
 .text.vTaskSetTimeOutState
                0x08003024       0x20 Middlewares\Third_Party\FreeRTOS\Source\tasks.o
                0x08003024                vTaskSetTimeOutState
 .text.xTaskCheckForTimeOut
                0x08003044       0x74 Middlewares\Third_Party\FreeRTOS\Source\tasks.o
                0x08003044                xTaskCheckForTimeOut
 .text.vTaskMissedYield
                0x080030b8        0xc Middlewares\Third_Party\FreeRTOS\Source\tasks.o
                0x080030b8                vTaskMissedYield
 .text.xTaskGetSchedulerState
                0x080030c4       0x20 Middlewares\Third_Party\FreeRTOS\Source\tasks.o
                0x080030c4                xTaskGetSchedulerState
 .text.vTaskPriorityInherit
                0x080030e4       0x8c Middlewares\Third_Party\FreeRTOS\Source\tasks.o
                0x080030e4                vTaskPriorityInherit
 .text.xTaskPriorityDisinherit
                0x08003170       0xa0 Middlewares\Third_Party\FreeRTOS\Source\tasks.o
                0x08003170                xTaskPriorityDisinherit
 .text.pvTaskIncrementMutexHeldCount
                0x08003210       0x18 Middlewares\Third_Party\FreeRTOS\Source\tasks.o
                0x08003210                pvTaskIncrementMutexHeldCount
 .text.vLedToggle
                0x08003228       0x16 Src\main.o
                0x08003228                vLedToggle
 *fill*         0x0800323e        0x2 
 .text.vUartTransmit
                0x08003240       0x64 Src\main.o
                0x08003240                vUartTransmit
 .text.vUartReceive
                0x080032a4       0x74 Src\main.o
                0x080032a4                vUartReceive
 .text.StartDefaultTask
                0x08003318        0xa Src\main.o
                0x08003318                StartDefaultTask
 .text.SystemClock_Config
                0x08003322       0x8c Src\main.o
                0x08003322                SystemClock_Config
 *fill*         0x080033ae        0x2 
 .text.startup.main
                0x080033b0      0x1d8 Src\main.o
                0x080033b0                main
 .text.HAL_TIM_PeriodElapsedCallback
                0x08003588       0x14 Src\main.o
                0x08003588                HAL_TIM_PeriodElapsedCallback
 .text.HAL_MspInit
                0x0800359c       0x8c Src\stm32l4xx_hal_msp.o
                0x0800359c                HAL_MspInit
 .text.HAL_UART_MspInit
                0x08003628       0x48 Src\stm32l4xx_hal_msp.o
                0x08003628                HAL_UART_MspInit
 .text.HAL_InitTick
                0x08003670       0x78 Src\stm32l4xx_hal_timebase_TIM.o
                0x08003670                HAL_InitTick
 .text.SysTick_Handler
                0x080036e8        0x4 Src\stm32l4xx_it.o
                0x080036e8                SysTick_Handler
 .text.TIM6_DAC_IRQHandler
                0x080036ec        0xc Src\stm32l4xx_it.o
                0x080036ec                TIM6_DAC_IRQHandler
 .text.SystemInit
                0x080036f8       0x48 Src\system_stm32l4xx.o
                0x080036f8                SystemInit
 .text.Reset_Handler
                0x08003740       0x50 startup\startup_stm32l476xx.o
                0x08003740                Reset_Handler
 .text.Default_Handler
                0x08003790        0x2 startup\startup_stm32l476xx.o
                0x08003790                RTC_Alarm_IRQHandler
                0x08003790                EXTI2_IRQHandler
                0x08003790                TIM8_TRG_COM_IRQHandler
                0x08003790                TIM8_CC_IRQHandler
                0x08003790                DebugMon_Handler
                0x08003790                TIM1_CC_IRQHandler
                0x08003790                TSC_IRQHandler
                0x08003790                HardFault_Handler
                0x08003790                TAMP_STAMP_IRQHandler
                0x08003790                NMI_Handler
                0x08003790                EXTI3_IRQHandler
                0x08003790                LPTIM2_IRQHandler
                0x08003790                DFSDM1_FLT1_IRQHandler
                0x08003790                I2C3_ER_IRQHandler
                0x08003790                DFSDM1_FLT2_IRQHandler
                0x08003790                EXTI0_IRQHandler
                0x08003790                I2C2_EV_IRQHandler
                0x08003790                CAN1_RX0_IRQHandler
                0x08003790                FPU_IRQHandler
                0x08003790                TIM1_UP_TIM16_IRQHandler
                0x08003790                UsageFault_Handler
                0x08003790                ADC1_2_IRQHandler
                0x08003790                SPI1_IRQHandler
                0x08003790                TIM8_UP_IRQHandler
                0x08003790                DMA2_Channel2_IRQHandler
                0x08003790                DMA1_Channel4_IRQHandler
                0x08003790                SAI2_IRQHandler
                0x08003790                DFSDM1_FLT3_IRQHandler
                0x08003790                USART3_IRQHandler
                0x08003790                DMA1_Channel7_IRQHandler
                0x08003790                CAN1_RX1_IRQHandler
                0x08003790                LCD_IRQHandler
                0x08003790                UART5_IRQHandler
                0x08003790                ADC3_IRQHandler
                0x08003790                TIM4_IRQHandler
                0x08003790                DMA2_Channel1_IRQHandler
                0x08003790                QUADSPI_IRQHandler
                0x08003790                I2C1_EV_IRQHandler
                0x08003790                DMA1_Channel6_IRQHandler
                0x08003790                UART4_IRQHandler
                0x08003790                DMA2_Channel4_IRQHandler
                0x08003790                TIM3_IRQHandler
                0x08003790                RCC_IRQHandler
                0x08003790                DMA1_Channel1_IRQHandler
                0x08003790                Default_Handler
                0x08003790                DMA2_Channel7_IRQHandler
                0x08003790                EXTI15_10_IRQHandler
                0x08003790                TIM7_IRQHandler
                0x08003790                SDMMC1_IRQHandler
                0x08003790                TIM5_IRQHandler
                0x08003790                I2C3_EV_IRQHandler
                0x08003790                EXTI9_5_IRQHandler
                0x08003790                RTC_WKUP_IRQHandler
                0x08003790                PVD_PVM_IRQHandler
                0x08003790                SPI2_IRQHandler
                0x08003790                MemManage_Handler
                0x08003790                CAN1_TX_IRQHandler
                0x08003790                DMA2_Channel5_IRQHandler
                0x08003790                DMA1_Channel5_IRQHandler
                0x08003790                EXTI4_IRQHandler
                0x08003790                RNG_IRQHandler
                0x08003790                TIM1_TRG_COM_TIM17_IRQHandler
                0x08003790                DMA1_Channel3_IRQHandler
                0x08003790                COMP_IRQHandler
                0x08003790                WWDG_IRQHandler
                0x08003790                LPUART1_IRQHandler
                0x08003790                DMA2_Channel6_IRQHandler
                0x08003790                TIM2_IRQHandler
                0x08003790                EXTI1_IRQHandler
                0x08003790                USART2_IRQHandler
                0x08003790                DFSDM1_FLT0_IRQHandler
                0x08003790                I2C2_ER_IRQHandler
                0x08003790                DMA1_Channel2_IRQHandler
                0x08003790                TIM8_BRK_IRQHandler
                0x08003790                CAN1_SCE_IRQHandler
                0x08003790                FLASH_IRQHandler
                0x08003790                BusFault_Handler
                0x08003790                USART1_IRQHandler
                0x08003790                OTG_FS_IRQHandler
                0x08003790                SPI3_IRQHandler
                0x08003790                I2C1_ER_IRQHandler
                0x08003790                FMC_IRQHandler
                0x08003790                SWPMI1_IRQHandler
                0x08003790                LPTIM1_IRQHandler
                0x08003790                SAI1_IRQHandler
                0x08003790                DMA2_Channel3_IRQHandler
                0x08003790                TIM1_BRK_TIM15_IRQHandler
 *fill*         0x08003792        0x2 
 .text.__libc_init_array
                0x08003794       0x48 c:/program files (x86)/atollic/truestudio for stm32 9.2.0/armtools/bin/../lib/gcc/arm-atollic-eabi/6.3.1/../../../../arm-atollic-eabi/lib/armv7e-m/fpu\libc_nano.a(lib_a-init.o)
                0x08003794                __libc_init_array
 .text.memcpy   0x080037dc       0x16 c:/program files (x86)/atollic/truestudio for stm32 9.2.0/armtools/bin/../lib/gcc/arm-atollic-eabi/6.3.1/../../../../arm-atollic-eabi/lib/armv7e-m/fpu\libc_nano.a(lib_a-memcpy-stub.o)
                0x080037dc                memcpy
 *(.glue_7)
 .glue_7        0x080037f2        0x0 linker stubs
 *(.glue_7t)
 .glue_7t       0x080037f2        0x0 linker stubs
 *(.eh_frame)
 *fill*         0x080037f2        0x2 
 .eh_frame      0x080037f4        0x0 c:/program files (x86)/atollic/truestudio for stm32 9.2.0/armtools/bin/../lib/gcc/arm-atollic-eabi/6.3.1/armv7e-m/fpu/crtbegin.o
 *(.init)
 .init          0x080037f4        0x4 c:/program files (x86)/atollic/truestudio for stm32 9.2.0/armtools/bin/../lib/gcc/arm-atollic-eabi/6.3.1/armv7e-m/fpu/crti.o
                0x080037f4                _init
 .init          0x080037f8        0x8 c:/program files (x86)/atollic/truestudio for stm32 9.2.0/armtools/bin/../lib/gcc/arm-atollic-eabi/6.3.1/armv7e-m/fpu/crtn.o
 *(.fini)
 .fini          0x08003800        0x4 c:/program files (x86)/atollic/truestudio for stm32 9.2.0/armtools/bin/../lib/gcc/arm-atollic-eabi/6.3.1/armv7e-m/fpu/crti.o
                0x08003800                _fini
 .fini          0x08003804        0x8 c:/program files (x86)/atollic/truestudio for stm32 9.2.0/armtools/bin/../lib/gcc/arm-atollic-eabi/6.3.1/armv7e-m/fpu/crtn.o
                0x0800380c                . = ALIGN (0x4)
                0x0800380c                _etext = .

.vfp11_veneer   0x0800380c        0x0
 .vfp11_veneer  0x0800380c        0x0 linker stubs

.v4_bx          0x0800380c        0x0
 .v4_bx         0x0800380c        0x0 linker stubs

.iplt           0x0800380c        0x0
 .iplt          0x0800380c        0x0 c:/program files (x86)/atollic/truestudio for stm32 9.2.0/armtools/bin/../lib/gcc/arm-atollic-eabi/6.3.1/armv7e-m/fpu/crtbegin.o

.rodata         0x0800380c       0xcc
                0x0800380c                . = ALIGN (0x4)
 *(.rodata)
 .rodata        0x0800380c       0x14 Src\main.o
 *(.rodata*)
 .rodata.CSWTCH.51
                0x08003820        0x4 Drivers\STM32L4xx_HAL_Driver\Src\stm32l4xx_hal_uart.o
 .rodata.CSWTCH.52
                0x08003824        0xd Drivers\STM32L4xx_HAL_Driver\Src\stm32l4xx_hal_uart.o
 .rodata.vTaskStartScheduler.str1.1
                0x08003831        0x5 Middlewares\Third_Party\FreeRTOS\Source\tasks.o
 .rodata.main.str1.1
                0x08003836       0x26 Src\main.o
 .rodata.str1.1
                0x0800385c        0xc Src\main.o
 .rodata.vUartReceive.str1.1
                0x08003868       0x11 Src\main.o
 .rodata.vUartTransmit.str1.1
                0x08003879       0x16 Src\main.o
 .rodata.AHBPrescTable
                0x0800388f       0x10 Src\system_stm32l4xx.o
                0x0800388f                AHBPrescTable
 .rodata.APBPrescTable
                0x0800389f        0x8 Src\system_stm32l4xx.o
                0x0800389f                APBPrescTable
 *fill*         0x080038a7        0x1 
 .rodata.MSIRangeTable
                0x080038a8       0x30 Src\system_stm32l4xx.o
                0x080038a8                MSIRangeTable
                0x080038d8                . = ALIGN (0x4)

.ARM.extab
 *(.ARM.extab* .gnu.linkonce.armextab.*)

.ARM            0x080038d8        0x8
                0x080038d8                __exidx_start = .
 *(.ARM.exidx*)
 .ARM.exidx     0x080038d8        0x8 c:/program files (x86)/atollic/truestudio for stm32 9.2.0/armtools/bin/../lib/gcc/arm-atollic-eabi/6.3.1/armv7e-m/fpu\libgcc.a(_udivmoddi4.o)
                0x080038e0                __exidx_end = .

.rel.dyn        0x080038e0        0x0
 .rel.iplt      0x080038e0        0x0 c:/program files (x86)/atollic/truestudio for stm32 9.2.0/armtools/bin/../lib/gcc/arm-atollic-eabi/6.3.1/armv7e-m/fpu/crtbegin.o

.preinit_array  0x080038e0        0x0
                0x080038e0                PROVIDE (__preinit_array_start, .)
 *(.preinit_array*)
                0x080038e0                PROVIDE (__preinit_array_end, .)

.init_array     0x080038e0        0x4
                0x080038e0                PROVIDE (__init_array_start, .)
 *(SORT(.init_array.*))
 *(.init_array*)
 .init_array    0x080038e0        0x4 c:/program files (x86)/atollic/truestudio for stm32 9.2.0/armtools/bin/../lib/gcc/arm-atollic-eabi/6.3.1/armv7e-m/fpu/crtbegin.o
                0x080038e4                PROVIDE (__init_array_end, .)

.fini_array     0x080038e4        0x4
                [!provide]                PROVIDE (__fini_array_start, .)
 *(SORT(.fini_array.*))
 *(.fini_array*)
 .fini_array    0x080038e4        0x4 c:/program files (x86)/atollic/truestudio for stm32 9.2.0/armtools/bin/../lib/gcc/arm-atollic-eabi/6.3.1/armv7e-m/fpu/crtbegin.o
                [!provide]                PROVIDE (__fini_array_end, .)
                0x080038e8                _sidata = LOADADDR (.data)

.data           0x20000000        0x8 load address 0x080038e8
                0x20000000                . = ALIGN (0x4)
                0x20000000                _sdata = .
 *(.data)
 *(.data*)
 .data.uxCriticalNesting
                0x20000000        0x4 Middlewares\Third_Party\FreeRTOS\Source\portable\GCC\ARM_CM4F\port.o
 .data.SystemCoreClock
                0x20000004        0x4 Src\system_stm32l4xx.o
                0x20000004                SystemCoreClock
                0x20000008                . = ALIGN (0x4)
                0x20000008                _edata = .

.igot.plt       0x20000008        0x0 load address 0x080038f0
 .igot.plt      0x20000008        0x0 c:/program files (x86)/atollic/truestudio for stm32 9.2.0/armtools/bin/../lib/gcc/arm-atollic-eabi/6.3.1/armv7e-m/fpu/crtbegin.o
                0x20000008                . = ALIGN (0x4)

.bss            0x20000008     0x122c load address 0x080038f0
                0x20000008                _sbss = .
                0x20000008                __bss_start__ = _sbss
 *(.bss)
 .bss           0x20000008       0x1c c:/program files (x86)/atollic/truestudio for stm32 9.2.0/armtools/bin/../lib/gcc/arm-atollic-eabi/6.3.1/armv7e-m/fpu/crtbegin.o
 *(.bss*)
 .bss.ucMaxSysCallPriority
                0x20000024        0x1 Middlewares\Third_Party\FreeRTOS\Source\portable\GCC\ARM_CM4F\port.o
 *fill*         0x20000025        0x3 
 .bss.ulMaxPRIGROUPValue
                0x20000028        0x4 Middlewares\Third_Party\FreeRTOS\Source\portable\GCC\ARM_CM4F\port.o
 .bss.pxEnd     0x2000002c        0x4 Middlewares\Third_Party\FreeRTOS\Source\portable\MemMang\heap_4.o
 .bss.ucHeap    0x20000030     0x1000 Middlewares\Third_Party\FreeRTOS\Source\portable\MemMang\heap_4.o
 .bss.xBlockAllocatedBit
                0x20001030        0x4 Middlewares\Third_Party\FreeRTOS\Source\portable\MemMang\heap_4.o
 .bss.xFreeBytesRemaining
                0x20001034        0x4 Middlewares\Third_Party\FreeRTOS\Source\portable\MemMang\heap_4.o
 .bss.xMinimumEverFreeBytesRemaining
                0x20001038        0x4 Middlewares\Third_Party\FreeRTOS\Source\portable\MemMang\heap_4.o
 .bss.xStart    0x2000103c        0x8 Middlewares\Third_Party\FreeRTOS\Source\portable\MemMang\heap_4.o
 .bss.pxCurrentTCB
                0x20001044        0x4 Middlewares\Third_Party\FreeRTOS\Source\tasks.o
                0x20001044                pxCurrentTCB
 .bss.pxDelayedTaskList
                0x20001048        0x4 Middlewares\Third_Party\FreeRTOS\Source\tasks.o
 .bss.pxOverflowDelayedTaskList
                0x2000104c        0x4 Middlewares\Third_Party\FreeRTOS\Source\tasks.o
 .bss.pxReadyTasksLists
                0x20001050       0x8c Middlewares\Third_Party\FreeRTOS\Source\tasks.o
 .bss.uxCurrentNumberOfTasks
                0x200010dc        0x4 Middlewares\Third_Party\FreeRTOS\Source\tasks.o
 .bss.uxDeletedTasksWaitingCleanUp
                0x200010e0        0x4 Middlewares\Third_Party\FreeRTOS\Source\tasks.o
 .bss.uxPendedTicks
                0x200010e4        0x4 Middlewares\Third_Party\FreeRTOS\Source\tasks.o
 .bss.uxSchedulerSuspended
                0x200010e8        0x4 Middlewares\Third_Party\FreeRTOS\Source\tasks.o
 .bss.uxTaskNumber
                0x200010ec        0x4 Middlewares\Third_Party\FreeRTOS\Source\tasks.o
 .bss.uxTopReadyPriority
                0x200010f0        0x4 Middlewares\Third_Party\FreeRTOS\Source\tasks.o
 .bss.xDelayedTaskList1
                0x200010f4       0x14 Middlewares\Third_Party\FreeRTOS\Source\tasks.o
 .bss.xDelayedTaskList2
                0x20001108       0x14 Middlewares\Third_Party\FreeRTOS\Source\tasks.o
 .bss.xIdleTaskHandle
                0x2000111c        0x4 Middlewares\Third_Party\FreeRTOS\Source\tasks.o
 .bss.xNextTaskUnblockTime
                0x20001120        0x4 Middlewares\Third_Party\FreeRTOS\Source\tasks.o
 .bss.xNumOfOverflows
                0x20001124        0x4 Middlewares\Third_Party\FreeRTOS\Source\tasks.o
 .bss.xPendingReadyList
                0x20001128       0x14 Middlewares\Third_Party\FreeRTOS\Source\tasks.o
 .bss.xSchedulerRunning
                0x2000113c        0x4 Middlewares\Third_Party\FreeRTOS\Source\tasks.o
 .bss.xSuspendedTaskList
                0x20001140       0x14 Middlewares\Third_Party\FreeRTOS\Source\tasks.o
 .bss.xTasksWaitingTermination
                0x20001154       0x14 Middlewares\Third_Party\FreeRTOS\Source\tasks.o
 .bss.xTickCount
                0x20001168        0x4 Middlewares\Third_Party\FreeRTOS\Source\tasks.o
 .bss.xYieldPending
                0x2000116c        0x4 Middlewares\Third_Party\FreeRTOS\Source\tasks.o
 *(COMMON)
 COMMON         0x20001170        0x4 Drivers\STM32L4xx_HAL_Driver\Src\stm32l4xx_hal.o
                0x20001170                uwTick
 COMMON         0x20001174       0x80 Src\main.o
                0x20001174                defaultTaskHandle
                0x20001178                xQueue
                0x2000117c                huart2
 COMMON         0x200011f4       0x40 Src\stm32l4xx_hal_timebase_TIM.o
                0x200011f4                htim6
                0x20001234                . = ALIGN (0x4)
                0x20001234                _ebss = .
                0x20001234                __bss_end__ = _ebss

._user_heap_stack
                0x20001234      0x600 load address 0x080038f0
                0x20001234                . = ALIGN (0x4)
                [!provide]                PROVIDE (end, .)
                [!provide]                PROVIDE (_end, .)
                0x20001434                . = (. + _Min_Heap_Size)
 *fill*         0x20001234      0x200 
                0x20001834                . = (. + _Min_Stack_Size)
 *fill*         0x20001434      0x400 
                0x20001834                . = ALIGN (0x4)

/DISCARD/
 libc.a(*)
 libm.a(*)
 libgcc.a(*)

.ARM.attributes
                0x00000000       0x30
 *(.ARM.attributes)
 .ARM.attributes
                0x00000000       0x22 c:/program files (x86)/atollic/truestudio for stm32 9.2.0/armtools/bin/../lib/gcc/arm-atollic-eabi/6.3.1/armv7e-m/fpu/crti.o
 .ARM.attributes
                0x00000022       0x34 c:/program files (x86)/atollic/truestudio for stm32 9.2.0/armtools/bin/../lib/gcc/arm-atollic-eabi/6.3.1/armv7e-m/fpu/crtbegin.o
 .ARM.attributes
                0x00000056       0x39 Drivers\STM32L4xx_HAL_Driver\Src\stm32l4xx_hal.o
 .ARM.attributes
                0x0000008f       0x39 Drivers\STM32L4xx_HAL_Driver\Src\stm32l4xx_hal_cortex.o
 .ARM.attributes
                0x000000c8       0x39 Drivers\STM32L4xx_HAL_Driver\Src\stm32l4xx_hal_gpio.o
 .ARM.attributes
                0x00000101       0x39 Drivers\STM32L4xx_HAL_Driver\Src\stm32l4xx_hal_pwr_ex.o
 .ARM.attributes
                0x0000013a       0x39 Drivers\STM32L4xx_HAL_Driver\Src\stm32l4xx_hal_rcc.o
 .ARM.attributes
                0x00000173       0x39 Drivers\STM32L4xx_HAL_Driver\Src\stm32l4xx_hal_rcc_ex.o
 .ARM.attributes
                0x000001ac       0x39 Drivers\STM32L4xx_HAL_Driver\Src\stm32l4xx_hal_tim.o
 .ARM.attributes
                0x000001e5       0x39 Drivers\STM32L4xx_HAL_Driver\Src\stm32l4xx_hal_tim_ex.o
 .ARM.attributes
                0x0000021e       0x39 Drivers\STM32L4xx_HAL_Driver\Src\stm32l4xx_hal_uart.o
 .ARM.attributes
                0x00000257       0x39 Middlewares\Third_Party\FreeRTOS\Source\CMSIS_RTOS\cmsis_os.o
 .ARM.attributes
                0x00000290       0x39 Middlewares\Third_Party\FreeRTOS\Source\list.o
 .ARM.attributes
                0x000002c9       0x39 Middlewares\Third_Party\FreeRTOS\Source\portable\GCC\ARM_CM4F\port.o
 .ARM.attributes
                0x00000302       0x39 Middlewares\Third_Party\FreeRTOS\Source\portable\MemMang\heap_4.o
 .ARM.attributes
                0x0000033b       0x39 Middlewares\Third_Party\FreeRTOS\Source\queue.o
 .ARM.attributes
                0x00000374       0x39 Middlewares\Third_Party\FreeRTOS\Source\tasks.o
 .ARM.attributes
                0x000003ad       0x39 Src\main.o
 .ARM.attributes
                0x000003e6       0x39 Src\stm32l4xx_hal_msp.o
 .ARM.attributes
                0x0000041f       0x39 Src\stm32l4xx_hal_timebase_TIM.o
 .ARM.attributes
                0x00000458       0x39 Src\stm32l4xx_it.o
 .ARM.attributes
                0x00000491       0x39 Src\system_stm32l4xx.o
 .ARM.attributes
                0x000004ca       0x21 startup\startup_stm32l476xx.o
 .ARM.attributes
                0x000004eb       0x34 c:/program files (x86)/atollic/truestudio for stm32 9.2.0/armtools/bin/../lib/gcc/arm-atollic-eabi/6.3.1/../../../../arm-atollic-eabi/lib/armv7e-m/fpu\libc_nano.a(lib_a-init.o)
 .ARM.attributes
                0x0000051f       0x34 c:/program files (x86)/atollic/truestudio for stm32 9.2.0/armtools/bin/../lib/gcc/arm-atollic-eabi/6.3.1/../../../../arm-atollic-eabi/lib/armv7e-m/fpu\libc_nano.a(lib_a-memcpy-stub.o)
 .ARM.attributes
                0x00000553       0x22 c:/program files (x86)/atollic/truestudio for stm32 9.2.0/armtools/bin/../lib/gcc/arm-atollic-eabi/6.3.1/armv7e-m/fpu\libgcc.a(_aeabi_uldivmod.o)
 .ARM.attributes
                0x00000575       0x34 c:/program files (x86)/atollic/truestudio for stm32 9.2.0/armtools/bin/../lib/gcc/arm-atollic-eabi/6.3.1/armv7e-m/fpu\libgcc.a(_udivmoddi4.o)
 .ARM.attributes
                0x000005a9       0x22 c:/program files (x86)/atollic/truestudio for stm32 9.2.0/armtools/bin/../lib/gcc/arm-atollic-eabi/6.3.1/armv7e-m/fpu\libgcc.a(_dvmd_tls.o)
 .ARM.attributes
                0x000005cb       0x22 c:/program files (x86)/atollic/truestudio for stm32 9.2.0/armtools/bin/../lib/gcc/arm-atollic-eabi/6.3.1/armv7e-m/fpu/crtn.o
OUTPUT(STM32_freeRTOS.elf elf32-littlearm)

.debug_info     0x00000000    0x1eee6
 .debug_info    0x00000000     0x140f Drivers\STM32L4xx_HAL_Driver\Src\stm32l4xx_hal.o
 .debug_info    0x0000140f     0x1773 Drivers\STM32L4xx_HAL_Driver\Src\stm32l4xx_hal_cortex.o
 .debug_info    0x00002b82     0x1081 Drivers\STM32L4xx_HAL_Driver\Src\stm32l4xx_hal_gpio.o
 .debug_info    0x00003c03     0x12a1 Drivers\STM32L4xx_HAL_Driver\Src\stm32l4xx_hal_pwr_ex.o
 .debug_info    0x00004ea4     0x15c5 Drivers\STM32L4xx_HAL_Driver\Src\stm32l4xx_hal_rcc.o
 .debug_info    0x00006469     0x17ef Drivers\STM32L4xx_HAL_Driver\Src\stm32l4xx_hal_rcc_ex.o
 .debug_info    0x00007c58     0x3c59 Drivers\STM32L4xx_HAL_Driver\Src\stm32l4xx_hal_tim.o
 .debug_info    0x0000b8b1     0x1bab Drivers\STM32L4xx_HAL_Driver\Src\stm32l4xx_hal_tim_ex.o
 .debug_info    0x0000d45c     0x2455 Drivers\STM32L4xx_HAL_Driver\Src\stm32l4xx_hal_uart.o
 .debug_info    0x0000f8b1     0x2504 Middlewares\Third_Party\FreeRTOS\Source\CMSIS_RTOS\cmsis_os.o
 .debug_info    0x00011db5      0xac0 Middlewares\Third_Party\FreeRTOS\Source\list.o
 .debug_info    0x00012875      0x531 Middlewares\Third_Party\FreeRTOS\Source\portable\GCC\ARM_CM4F\port.o
 .debug_info    0x00012da6      0xca5 Middlewares\Third_Party\FreeRTOS\Source\portable\MemMang\heap_4.o
 .debug_info    0x00013a4b     0x1fe1 Middlewares\Third_Party\FreeRTOS\Source\queue.o
 .debug_info    0x00015a2c     0x2997 Middlewares\Third_Party\FreeRTOS\Source\tasks.o
 .debug_info    0x000183c3     0x23e2 Src\main.o
 .debug_info    0x0001a7a5     0x1603 Src\stm32l4xx_hal_msp.o
 .debug_info    0x0001bda8     0x145d Src\stm32l4xx_hal_timebase_TIM.o
 .debug_info    0x0001d205      0xe90 Src\stm32l4xx_it.o
 .debug_info    0x0001e095      0xdd5 Src\system_stm32l4xx.o
 .debug_info    0x0001ee6a       0x7c startup\startup_stm32l476xx.o

.debug_abbrev   0x00000000     0x3a53
 .debug_abbrev  0x00000000      0x2c9 Drivers\STM32L4xx_HAL_Driver\Src\stm32l4xx_hal.o
 .debug_abbrev  0x000002c9      0x37d Drivers\STM32L4xx_HAL_Driver\Src\stm32l4xx_hal_cortex.o
 .debug_abbrev  0x00000646      0x268 Drivers\STM32L4xx_HAL_Driver\Src\stm32l4xx_hal_gpio.o
 .debug_abbrev  0x000008ae      0x2c7 Drivers\STM32L4xx_HAL_Driver\Src\stm32l4xx_hal_pwr_ex.o
 .debug_abbrev  0x00000b75      0x2d2 Drivers\STM32L4xx_HAL_Driver\Src\stm32l4xx_hal_rcc.o
 .debug_abbrev  0x00000e47      0x2ec Drivers\STM32L4xx_HAL_Driver\Src\stm32l4xx_hal_rcc_ex.o
 .debug_abbrev  0x00001133      0x3ab Drivers\STM32L4xx_HAL_Driver\Src\stm32l4xx_hal_tim.o
 .debug_abbrev  0x000014de      0x30d Drivers\STM32L4xx_HAL_Driver\Src\stm32l4xx_hal_tim_ex.o
 .debug_abbrev  0x000017eb      0x3aa Drivers\STM32L4xx_HAL_Driver\Src\stm32l4xx_hal_uart.o
 .debug_abbrev  0x00001b95      0x450 Middlewares\Third_Party\FreeRTOS\Source\CMSIS_RTOS\cmsis_os.o
 .debug_abbrev  0x00001fe5      0x1e3 Middlewares\Third_Party\FreeRTOS\Source\list.o
 .debug_abbrev  0x000021c8      0x211 Middlewares\Third_Party\FreeRTOS\Source\portable\GCC\ARM_CM4F\port.o
 .debug_abbrev  0x000023d9      0x314 Middlewares\Third_Party\FreeRTOS\Source\portable\MemMang\heap_4.o
 .debug_abbrev  0x000026ed      0x3b6 Middlewares\Third_Party\FreeRTOS\Source\queue.o
 .debug_abbrev  0x00002aa3      0x419 Middlewares\Third_Party\FreeRTOS\Source\tasks.o
 .debug_abbrev  0x00002ebc      0x363 Src\main.o
 .debug_abbrev  0x0000321f      0x212 Src\stm32l4xx_hal_msp.o
 .debug_abbrev  0x00003431      0x258 Src\stm32l4xx_hal_timebase_TIM.o
 .debug_abbrev  0x00003689      0x1cd Src\stm32l4xx_it.o
 .debug_abbrev  0x00003856      0x1eb Src\system_stm32l4xx.o
 .debug_abbrev  0x00003a41       0x12 startup\startup_stm32l476xx.o

.debug_loc      0x00000000     0xb31d
 .debug_loc     0x00000000       0xf8 Drivers\STM32L4xx_HAL_Driver\Src\stm32l4xx_hal.o
 .debug_loc     0x000000f8      0x4fb Drivers\STM32L4xx_HAL_Driver\Src\stm32l4xx_hal_cortex.o
 .debug_loc     0x000005f3      0x2cd Drivers\STM32L4xx_HAL_Driver\Src\stm32l4xx_hal_gpio.o
 .debug_loc     0x000008c0      0x5ad Drivers\STM32L4xx_HAL_Driver\Src\stm32l4xx_hal_pwr_ex.o
 .debug_loc     0x00000e6d      0x5ac Drivers\STM32L4xx_HAL_Driver\Src\stm32l4xx_hal_rcc.o
 .debug_loc     0x00001419      0xdab Drivers\STM32L4xx_HAL_Driver\Src\stm32l4xx_hal_rcc_ex.o
 .debug_loc     0x000021c4     0x317a Drivers\STM32L4xx_HAL_Driver\Src\stm32l4xx_hal_tim.o
 .debug_loc     0x0000533e      0xd1d Drivers\STM32L4xx_HAL_Driver\Src\stm32l4xx_hal_tim_ex.o
 .debug_loc     0x0000605b     0x19b3 Drivers\STM32L4xx_HAL_Driver\Src\stm32l4xx_hal_uart.o
 .debug_loc     0x00007a0e     0x1038 Middlewares\Third_Party\FreeRTOS\Source\CMSIS_RTOS\cmsis_os.o
 .debug_loc     0x00008a46       0x94 Middlewares\Third_Party\FreeRTOS\Source\list.o
 .debug_loc     0x00008ada       0xcf Middlewares\Third_Party\FreeRTOS\Source\portable\GCC\ARM_CM4F\port.o
 .debug_loc     0x00008ba9      0x390 Middlewares\Third_Party\FreeRTOS\Source\portable\MemMang\heap_4.o
 .debug_loc     0x00008f39      0xe2b Middlewares\Third_Party\FreeRTOS\Source\queue.o
 .debug_loc     0x00009d64     0x1249 Middlewares\Third_Party\FreeRTOS\Source\tasks.o
 .debug_loc     0x0000afad       0xd1 Src\main.o
 .debug_loc     0x0000b07e       0x4d Src\stm32l4xx_hal_msp.o
 .debug_loc     0x0000b0cb       0x94 Src\stm32l4xx_hal_timebase_TIM.o
 .debug_loc     0x0000b15f      0x1be Src\system_stm32l4xx.o

.debug_aranges  0x00000000      0xf80
 .debug_aranges
                0x00000000      0x110 Drivers\STM32L4xx_HAL_Driver\Src\stm32l4xx_hal.o
 .debug_aranges
                0x00000110       0xa8 Drivers\STM32L4xx_HAL_Driver\Src\stm32l4xx_hal_cortex.o
 .debug_aranges
                0x000001b8       0x58 Drivers\STM32L4xx_HAL_Driver\Src\stm32l4xx_hal_gpio.o
 .debug_aranges
                0x00000210      0x130 Drivers\STM32L4xx_HAL_Driver\Src\stm32l4xx_hal_pwr_ex.o
 .debug_aranges
                0x00000340       0x88 Drivers\STM32L4xx_HAL_Driver\Src\stm32l4xx_hal_rcc.o
 .debug_aranges
                0x000003c8       0xb8 Drivers\STM32L4xx_HAL_Driver\Src\stm32l4xx_hal_rcc_ex.o
 .debug_aranges
                0x00000480      0x268 Drivers\STM32L4xx_HAL_Driver\Src\stm32l4xx_hal_tim.o
 .debug_aranges
                0x000006e8      0x100 Drivers\STM32L4xx_HAL_Driver\Src\stm32l4xx_hal_tim_ex.o
 .debug_aranges
                0x000007e8      0x1a0 Drivers\STM32L4xx_HAL_Driver\Src\stm32l4xx_hal_uart.o
 .debug_aranges
                0x00000988      0x190 Middlewares\Third_Party\FreeRTOS\Source\CMSIS_RTOS\cmsis_os.o
 .debug_aranges
                0x00000b18       0x40 Middlewares\Third_Party\FreeRTOS\Source\list.o
 .debug_aranges
                0x00000b58       0x80 Middlewares\Third_Party\FreeRTOS\Source\portable\GCC\ARM_CM4F\port.o
 .debug_aranges
                0x00000bd8       0x48 Middlewares\Third_Party\FreeRTOS\Source\portable\MemMang\heap_4.o
 .debug_aranges
                0x00000c20       0xc0 Middlewares\Third_Party\FreeRTOS\Source\queue.o
 .debug_aranges
                0x00000ce0      0x170 Middlewares\Third_Party\FreeRTOS\Source\tasks.o
 .debug_aranges
                0x00000e50       0x58 Src\main.o
 .debug_aranges
                0x00000ea8       0x30 Src\stm32l4xx_hal_msp.o
 .debug_aranges
                0x00000ed8       0x30 Src\stm32l4xx_hal_timebase_TIM.o
 .debug_aranges
                0x00000f08       0x28 Src\stm32l4xx_it.o
 .debug_aranges
                0x00000f30       0x28 Src\system_stm32l4xx.o
 .debug_aranges
                0x00000f58       0x28 startup\startup_stm32l476xx.o

.debug_ranges   0x00000000     0x12a0
 .debug_ranges  0x00000000      0x100 Drivers\STM32L4xx_HAL_Driver\Src\stm32l4xx_hal.o
 .debug_ranges  0x00000100      0x138 Drivers\STM32L4xx_HAL_Driver\Src\stm32l4xx_hal_cortex.o
 .debug_ranges  0x00000238       0x68 Drivers\STM32L4xx_HAL_Driver\Src\stm32l4xx_hal_gpio.o
 .debug_ranges  0x000002a0      0x120 Drivers\STM32L4xx_HAL_Driver\Src\stm32l4xx_hal_pwr_ex.o
 .debug_ranges  0x000003c0       0x90 Drivers\STM32L4xx_HAL_Driver\Src\stm32l4xx_hal_rcc.o
 .debug_ranges  0x00000450       0xe0 Drivers\STM32L4xx_HAL_Driver\Src\stm32l4xx_hal_rcc_ex.o
 .debug_ranges  0x00000530      0x318 Drivers\STM32L4xx_HAL_Driver\Src\stm32l4xx_hal_tim.o
 .debug_ranges  0x00000848       0xf0 Drivers\STM32L4xx_HAL_Driver\Src\stm32l4xx_hal_tim_ex.o
 .debug_ranges  0x00000938      0x190 Drivers\STM32L4xx_HAL_Driver\Src\stm32l4xx_hal_uart.o
 .debug_ranges  0x00000ac8      0x180 Middlewares\Third_Party\FreeRTOS\Source\CMSIS_RTOS\cmsis_os.o
 .debug_ranges  0x00000c48       0x30 Middlewares\Third_Party\FreeRTOS\Source\list.o
 .debug_ranges  0x00000c78       0x88 Middlewares\Third_Party\FreeRTOS\Source\portable\GCC\ARM_CM4F\port.o
 .debug_ranges  0x00000d00       0x38 Middlewares\Third_Party\FreeRTOS\Source\portable\MemMang\heap_4.o
 .debug_ranges  0x00000d38      0x1a0 Middlewares\Third_Party\FreeRTOS\Source\queue.o
 .debug_ranges  0x00000ed8      0x270 Middlewares\Third_Party\FreeRTOS\Source\tasks.o
 .debug_ranges  0x00001148       0x60 Src\main.o
 .debug_ranges  0x000011a8       0x68 Src\stm32l4xx_hal_msp.o
 .debug_ranges  0x00001210       0x40 Src\stm32l4xx_hal_timebase_TIM.o
 .debug_ranges  0x00001250       0x18 Src\stm32l4xx_it.o
 .debug_ranges  0x00001268       0x18 Src\system_stm32l4xx.o
 .debug_ranges  0x00001280       0x20 startup\startup_stm32l476xx.o

.debug_line     0x00000000     0x84e6
 .debug_line    0x00000000      0x4f2 Drivers\STM32L4xx_HAL_Driver\Src\stm32l4xx_hal.o
 .debug_line    0x000004f2      0x4d5 Drivers\STM32L4xx_HAL_Driver\Src\stm32l4xx_hal_cortex.o
 .debug_line    0x000009c7      0x47c Drivers\STM32L4xx_HAL_Driver\Src\stm32l4xx_hal_gpio.o
 .debug_line    0x00000e43      0x674 Drivers\STM32L4xx_HAL_Driver\Src\stm32l4xx_hal_pwr_ex.o
 .debug_line    0x000014b7      0x649 Drivers\STM32L4xx_HAL_Driver\Src\stm32l4xx_hal_rcc.o
 .debug_line    0x00001b00      0x7c9 Drivers\STM32L4xx_HAL_Driver\Src\stm32l4xx_hal_rcc_ex.o
 .debug_line    0x000022c9     0x1322 Drivers\STM32L4xx_HAL_Driver\Src\stm32l4xx_hal_tim.o
 .debug_line    0x000035eb      0x78f Drivers\STM32L4xx_HAL_Driver\Src\stm32l4xx_hal_tim_ex.o
 .debug_line    0x00003d7a      0xe4d Drivers\STM32L4xx_HAL_Driver\Src\stm32l4xx_hal_uart.o
 .debug_line    0x00004bc7      0x8d4 Middlewares\Third_Party\FreeRTOS\Source\CMSIS_RTOS\cmsis_os.o
 .debug_line    0x0000549b      0x368 Middlewares\Third_Party\FreeRTOS\Source\list.o
 .debug_line    0x00005803      0x349 Middlewares\Third_Party\FreeRTOS\Source\portable\GCC\ARM_CM4F\port.o
 .debug_line    0x00005b4c      0x415 Middlewares\Third_Party\FreeRTOS\Source\portable\MemMang\heap_4.o
 .debug_line    0x00005f61      0x813 Middlewares\Third_Party\FreeRTOS\Source\queue.o
 .debug_line    0x00006774      0xb87 Middlewares\Third_Party\FreeRTOS\Source\tasks.o
 .debug_line    0x000072fb      0x582 Src\main.o
 .debug_line    0x0000787d      0x31f Src\stm32l4xx_hal_msp.o
 .debug_line    0x00007b9c      0x328 Src\stm32l4xx_hal_timebase_TIM.o
 .debug_line    0x00007ec4      0x2fb Src\stm32l4xx_it.o
 .debug_line    0x000081bf      0x2a8 Src\system_stm32l4xx.o
 .debug_line    0x00008467       0x7f startup\startup_stm32l476xx.o

.debug_str      0x00000000     0x6312
 .debug_str     0x00000000     0x1089 Drivers\STM32L4xx_HAL_Driver\Src\stm32l4xx_hal.o
                               0x1147 (size before relaxing)
 .debug_str     0x00001089      0x3ba Drivers\STM32L4xx_HAL_Driver\Src\stm32l4xx_hal_cortex.o
                               0x1096 (size before relaxing)
 .debug_str     0x00001443      0x1da Drivers\STM32L4xx_HAL_Driver\Src\stm32l4xx_hal_gpio.o
                                0x9f1 (size before relaxing)
 .debug_str     0x0000161d      0x53f Drivers\STM32L4xx_HAL_Driver\Src\stm32l4xx_hal_pwr_ex.o
                                0xc81 (size before relaxing)
 .debug_str     0x00001b5c      0x335 Drivers\STM32L4xx_HAL_Driver\Src\stm32l4xx_hal_rcc.o
                                0xca5 (size before relaxing)
 .debug_str     0x00001e91      0x56b Drivers\STM32L4xx_HAL_Driver\Src\stm32l4xx_hal_rcc_ex.o
                                0xf20 (size before relaxing)
 .debug_str     0x000023fc     0x114c Drivers\STM32L4xx_HAL_Driver\Src\stm32l4xx_hal_tim.o
                               0x185b (size before relaxing)
 .debug_str     0x00003548      0x623 Drivers\STM32L4xx_HAL_Driver\Src\stm32l4xx_hal_tim_ex.o
                               0x123c (size before relaxing)
 .debug_str     0x00003b6b      0x9be Drivers\STM32L4xx_HAL_Driver\Src\stm32l4xx_hal_uart.o
                               0x1446 (size before relaxing)
 .debug_str     0x00004529      0xb3a Middlewares\Third_Party\FreeRTOS\Source\CMSIS_RTOS\cmsis_os.o
                               0x120a (size before relaxing)
 .debug_str     0x00005063      0x159 Middlewares\Third_Party\FreeRTOS\Source\list.o
                                0x757 (size before relaxing)
 .debug_str     0x000051bc      0x21e Middlewares\Third_Party\FreeRTOS\Source\portable\GCC\ARM_CM4F\port.o
                                0x486 (size before relaxing)
 .debug_str     0x000053da      0x1e8 Middlewares\Third_Party\FreeRTOS\Source\portable\MemMang\heap_4.o
                                0x840 (size before relaxing)
 .debug_str     0x000055c2      0x46d Middlewares\Third_Party\FreeRTOS\Source\queue.o
                                0xd50 (size before relaxing)
 .debug_str     0x00005a2f      0x6f3 Middlewares\Third_Party\FreeRTOS\Source\tasks.o
                               0x1252 (size before relaxing)
 .debug_str     0x00006122       0xff Src\main.o
                               0x1be0 (size before relaxing)
 .debug_str     0x00006221       0x1b Src\stm32l4xx_hal_msp.o
                               0x11f7 (size before relaxing)
 .debug_str     0x0000623c       0x61 Src\stm32l4xx_hal_timebase_TIM.o
                               0x1212 (size before relaxing)
 .debug_str     0x0000629d       0x3a Src\stm32l4xx_it.o
                                0xa97 (size before relaxing)
 .debug_str     0x000062d7       0x3b Src\system_stm32l4xx.o
                                0x839 (size before relaxing)

.comment        0x00000000       0x7c
 .comment       0x00000000       0x7c Drivers\STM32L4xx_HAL_Driver\Src\stm32l4xx_hal.o
                                 0x7d (size before relaxing)
 .comment       0x0000007c       0x7d Drivers\STM32L4xx_HAL_Driver\Src\stm32l4xx_hal_cortex.o
 .comment       0x0000007c       0x7d Drivers\STM32L4xx_HAL_Driver\Src\stm32l4xx_hal_gpio.o
 .comment       0x0000007c       0x7d Drivers\STM32L4xx_HAL_Driver\Src\stm32l4xx_hal_pwr_ex.o
 .comment       0x0000007c       0x7d Drivers\STM32L4xx_HAL_Driver\Src\stm32l4xx_hal_rcc.o
 .comment       0x0000007c       0x7d Drivers\STM32L4xx_HAL_Driver\Src\stm32l4xx_hal_rcc_ex.o
 .comment       0x0000007c       0x7d Drivers\STM32L4xx_HAL_Driver\Src\stm32l4xx_hal_tim.o
 .comment       0x0000007c       0x7d Drivers\STM32L4xx_HAL_Driver\Src\stm32l4xx_hal_tim_ex.o
 .comment       0x0000007c       0x7d Drivers\STM32L4xx_HAL_Driver\Src\stm32l4xx_hal_uart.o
 .comment       0x0000007c       0x7d Middlewares\Third_Party\FreeRTOS\Source\CMSIS_RTOS\cmsis_os.o
 .comment       0x0000007c       0x7d Middlewares\Third_Party\FreeRTOS\Source\list.o
 .comment       0x0000007c       0x7d Middlewares\Third_Party\FreeRTOS\Source\portable\GCC\ARM_CM4F\port.o
 .comment       0x0000007c       0x7d Middlewares\Third_Party\FreeRTOS\Source\portable\MemMang\heap_4.o
 .comment       0x0000007c       0x7d Middlewares\Third_Party\FreeRTOS\Source\queue.o
 .comment       0x0000007c       0x7d Middlewares\Third_Party\FreeRTOS\Source\tasks.o
 .comment       0x0000007c       0x7d Src\main.o
 .comment       0x0000007c       0x7d Src\stm32l4xx_hal_msp.o
 .comment       0x0000007c       0x7d Src\stm32l4xx_hal_timebase_TIM.o
 .comment       0x0000007c       0x7d Src\stm32l4xx_it.o
 .comment       0x0000007c       0x7d Src\system_stm32l4xx.o

.debug_frame    0x00000000     0x2c18
 .debug_frame   0x00000000      0x240 Drivers\STM32L4xx_HAL_Driver\Src\stm32l4xx_hal.o
 .debug_frame   0x00000240      0x158 Drivers\STM32L4xx_HAL_Driver\Src\stm32l4xx_hal_cortex.o
 .debug_frame   0x00000398       0xdc Drivers\STM32L4xx_HAL_Driver\Src\stm32l4xx_hal_gpio.o
 .debug_frame   0x00000474      0x278 Drivers\STM32L4xx_HAL_Driver\Src\stm32l4xx_hal_pwr_ex.o
 .debug_frame   0x000006ec      0x15c Drivers\STM32L4xx_HAL_Driver\Src\stm32l4xx_hal_rcc.o
 .debug_frame   0x00000848      0x1f0 Drivers\STM32L4xx_HAL_Driver\Src\stm32l4xx_hal_rcc_ex.o
 .debug_frame   0x00000a38      0x8ac Drivers\STM32L4xx_HAL_Driver\Src\stm32l4xx_hal_tim.o
 .debug_frame   0x000012e4      0x374 Drivers\STM32L4xx_HAL_Driver\Src\stm32l4xx_hal_tim_ex.o
 .debug_frame   0x00001658      0x548 Drivers\STM32L4xx_HAL_Driver\Src\stm32l4xx_hal_uart.o
 .debug_frame   0x00001ba0      0x4d4 Middlewares\Third_Party\FreeRTOS\Source\CMSIS_RTOS\cmsis_os.o
 .debug_frame   0x00002074       0x6c Middlewares\Third_Party\FreeRTOS\Source\list.o
 .debug_frame   0x000020e0       0xf0 Middlewares\Third_Party\FreeRTOS\Source\portable\GCC\ARM_CM4F\port.o
 .debug_frame   0x000021d0       0x98 Middlewares\Third_Party\FreeRTOS\Source\portable\MemMang\heap_4.o
 .debug_frame   0x00002268      0x264 Middlewares\Third_Party\FreeRTOS\Source\queue.o
 .debug_frame   0x000024cc      0x4ac Middlewares\Third_Party\FreeRTOS\Source\tasks.o
 .debug_frame   0x00002978       0xe0 Src\main.o
 .debug_frame   0x00002a58       0x54 Src\stm32l4xx_hal_msp.o
 .debug_frame   0x00002aac       0x50 Src\stm32l4xx_hal_timebase_TIM.o
 .debug_frame   0x00002afc       0x30 Src\stm32l4xx_it.o
 .debug_frame   0x00002b2c       0x38 Src\system_stm32l4xx.o
 .debug_frame   0x00002b64       0x2c c:/program files (x86)/atollic/truestudio for stm32 9.2.0/armtools/bin/../lib/gcc/arm-atollic-eabi/6.3.1/../../../../arm-atollic-eabi/lib/armv7e-m/fpu\libc_nano.a(lib_a-init.o)
 .debug_frame   0x00002b90       0x28 c:/program files (x86)/atollic/truestudio for stm32 9.2.0/armtools/bin/../lib/gcc/arm-atollic-eabi/6.3.1/../../../../arm-atollic-eabi/lib/armv7e-m/fpu\libc_nano.a(lib_a-memcpy-stub.o)
 .debug_frame   0x00002bb8       0x2c c:/program files (x86)/atollic/truestudio for stm32 9.2.0/armtools/bin/../lib/gcc/arm-atollic-eabi/6.3.1/armv7e-m/fpu\libgcc.a(_aeabi_uldivmod.o)
 .debug_frame   0x00002be4       0x34 c:/program files (x86)/atollic/truestudio for stm32 9.2.0/armtools/bin/../lib/gcc/arm-atollic-eabi/6.3.1/armv7e-m/fpu\libgcc.a(_udivmoddi4.o)
